// Jest Snapshot v1, https://goo.gl/fbAQLP

exports[`rhythmic-scale Has Correct API 1`] = `
Array [
  "RhythmicScale",
]
`;
